MPLINK 5.08, LINKER
Linker Map File - Created Thu Apr 26 02:58:23 2018

                                 Section Info
                  Section       Type    Address   Location Size(Bytes)
                ---------  ---------  ---------  ---------  ---------
                   .org_0       code   0x000000    program   0x000082
                   .cinit    romdata   0x000041    program   0x000004
.config_2007_BUILD/DEFAULT/DEBUG/MAIN.O       code   0x002007    program   0x000002



                              Program Memory Usage 
                               Start         End      
                           ---------   ---------      
                            0x000000    0x000042      
                            0x002007    0x002007      
            68 out of 2182 program addresses used, program memory utilization is 3%



                              Symbols - Sorted by Name
                     Name    Address   Location    Storage File                     
                ---------  ---------  ---------  --------- ---------                
              ATIVA_BOMBA   0x000025    program     static C:\Users\marcos\Documents\micro_2018_1\PROJETO1.X\MAIN.asm
            ATIVA_VALVULA   0x00002b    program     static C:\Users\marcos\Documents\micro_2018_1\PROJETO1.X\MAIN.asm
            CHECA_VALVULA   0x000020    program     static C:\Users\marcos\Documents\micro_2018_1\PROJETO1.X\MAIN.asm
                    DELAY   0x000010    program     static C:\Users\marcos\Documents\micro_2018_1\PROJETO1.X\MAIN.asm
                   DELAY1   0x000014    program     static C:\Users\marcos\Documents\micro_2018_1\PROJETO1.X\MAIN.asm
           DESATIVA_BOMBA   0x000028    program     static C:\Users\marcos\Documents\micro_2018_1\PROJETO1.X\MAIN.asm
         DESATIVA_VALVULA   0x00002e    program     static C:\Users\marcos\Documents\micro_2018_1\PROJETO1.X\MAIN.asm
                   INICIO   0x000001    program     static C:\Users\marcos\Documents\micro_2018_1\PROJETO1.X\MAIN.asm
                     MAIN   0x000017    program     static C:\Users\marcos\Documents\micro_2018_1\PROJETO1.X\MAIN.asm
              PULSO_BOMBA   0x000031    program     static C:\Users\marcos\Documents\micro_2018_1\PROJETO1.X\MAIN.asm
            PULSO_VALVULA   0x000039    program     static C:\Users\marcos\Documents\micro_2018_1\PROJETO1.X\MAIN.asm



                              Symbols - Sorted by Address
                     Name    Address   Location    Storage File                     
                ---------  ---------  ---------  --------- ---------                
                   INICIO   0x000001    program     static C:\Users\marcos\Documents\micro_2018_1\PROJETO1.X\MAIN.asm
                    DELAY   0x000010    program     static C:\Users\marcos\Documents\micro_2018_1\PROJETO1.X\MAIN.asm
                   DELAY1   0x000014    program     static C:\Users\marcos\Documents\micro_2018_1\PROJETO1.X\MAIN.asm
                     MAIN   0x000017    program     static C:\Users\marcos\Documents\micro_2018_1\PROJETO1.X\MAIN.asm
            CHECA_VALVULA   0x000020    program     static C:\Users\marcos\Documents\micro_2018_1\PROJETO1.X\MAIN.asm
              ATIVA_BOMBA   0x000025    program     static C:\Users\marcos\Documents\micro_2018_1\PROJETO1.X\MAIN.asm
           DESATIVA_BOMBA   0x000028    program     static C:\Users\marcos\Documents\micro_2018_1\PROJETO1.X\MAIN.asm
            ATIVA_VALVULA   0x00002b    program     static C:\Users\marcos\Documents\micro_2018_1\PROJETO1.X\MAIN.asm
         DESATIVA_VALVULA   0x00002e    program     static C:\Users\marcos\Documents\micro_2018_1\PROJETO1.X\MAIN.asm
              PULSO_BOMBA   0x000031    program     static C:\Users\marcos\Documents\micro_2018_1\PROJETO1.X\MAIN.asm
            PULSO_VALVULA   0x000039    program     static C:\Users\marcos\Documents\micro_2018_1\PROJETO1.X\MAIN.asm


